
> react-kavia@0.1.0 start
> cross-env EDIT_MODE=true webpack serve --config .ve/webpack.config.js --mode development

<i> [webpack-dev-server] Project is running at:
<i> [webpack-dev-server] Loopback: http://localhost:3000/, http://[::1]:3000/
<i> [webpack-dev-server] On Your Network (IPv4): http://172.17.0.2:3000/
<i> [webpack-dev-server] Content not from webpack is served from './public' directory
Injecting EditorRootWrapper import: ../.ve/EditorRootWrapper
asset bundle.js 1.45 MiB [emitted] (name: main)
asset index.html 1.92 KiB [emitted]
runtime modules 27.5 KiB 14 modules
modules by path ./node_modules/ 1.24 MiB 31 modules
modules by path ./src/ 59 KiB
  modules by path ./src/*.js 22.3 KiB 4 modules
  modules by path ./src/*.css 10.6 KiB 4 modules
  modules by path ./src/components/*.js 24.7 KiB 2 modules
  ./src/utils/translationApi.js 1.31 KiB [built] [code generated]
modules by path ./.ve/ 15.1 KiB
  modules by path ./.ve/*.js 10.6 KiB 2 modules
  modules by path ./.ve/*.css 2.93 KiB
    ./.ve/EditorOverlay.css 2.25 KiB [built] [code generated]
    ./node_modules/css-loader/dist/cjs.js!./.ve/EditorOverlay.css 697 bytes [built] [code generated]
  ./.ve/EditorOverlay.jsx 1.58 KiB [built] [code generated]
webpack 5.99.9 compiled successfully in 1405 ms
assets by status 1.92 KiB [cached] 1 asset
assets by path *.js 1.5 MiB
  asset bundle.js 1.47 MiB [emitted] (name: main)
  asset main.02ef5823e69431abe323.hot-update.js 29.7 KiB [emitted] [immutable] [hmr] (name: main)
asset main.02ef5823e69431abe323.hot-update.json 28 bytes [emitted] [immutable] [hmr]
Entrypoint main 1.5 MiB = bundle.js 1.47 MiB main.02ef5823e69431abe323.hot-update.js 29.7 KiB
cached modules 1.3 MiB [cached] 46 modules
runtime modules 27.5 KiB 14 modules
javascript modules 15.8 KiB
  modules by path ./src/components/*.css 4.76 KiB
    ./src/components/FloatingCaptionOverlay.css 2.3 KiB [built] [code generated]
    ./node_modules/css-loader/dist/cjs.js!./src/components/FloatingCaptionOverlay.css 2.46 KiB [built] [code generated]
  ./src/App.js 9.22 KiB [built] [code generated]
  ./src/components/FloatingCaptionOverlay.js 1.85 KiB [built] [code generated]
webpack 5.99.9 compiled successfully in 182 ms
assets by status 1.92 KiB [cached] 1 asset
assets by path *.js 1.49 MiB
  asset bundle.js 1.47 MiB [emitted] (name: main)
  asset main.986669c97c4f28d3fe40.hot-update.js 16.1 KiB [emitted] [immutable] [hmr] (name: main)
asset main.986669c97c4f28d3fe40.hot-update.json 28 bytes [emitted] [immutable] [hmr]
Entrypoint main 1.49 MiB = bundle.js 1.47 MiB main.986669c97c4f28d3fe40.hot-update.js 16.1 KiB
cached modules 1.31 MiB [cached] 49 modules
runtime modules 27.5 KiB 14 modules
./src/App.js 10.9 KiB [built] [code generated]
webpack 5.99.9 compiled successfully in 73 ms
assets by status 1.92 KiB [cached] 1 asset
assets by path *.js 1.48 MiB
  asset bundle.js 1.47 MiB [emitted] (name: main)
  asset main.afd25343cebdeeae0d08.hot-update.js 8.11 KiB [emitted] [immutable] [hmr] (name: main)
asset main.afd25343cebdeeae0d08.hot-update.json 28 bytes [emitted] [immutable] [hmr]
Entrypoint main 1.48 MiB = bundle.js 1.47 MiB main.afd25343cebdeeae0d08.hot-update.js 8.11 KiB
cached modules 1.31 MiB [cached] 49 modules
runtime modules 27.5 KiB 14 modules
./node_modules/css-loader/dist/cjs.js!./src/App.css 5.47 KiB [built] [code generated]
webpack 5.99.9 compiled successfully in 35 ms
